          0 :                    ;;; -*- mode: asm; mode: flyspell-prog; -*-
          0 :                            cpu     65816
          0 :                            .include "w65c816.inc"
(1)       0 :                    ;;; -*- mode: asm; mode: flyspell-prog; -*-
(1)       0 :
(1)       0 :                            .include "mos6502.inc"
(2)       0 :                    ;;; -*- mode: asm; mode: flyspell-prog; -*-
(2)       0 :
(2)       0 :                    ;;; MOS6502
(2)       0 :                    ;;; Processor Status Register P
(2)       0 : =1                 P_CARRY         =       %00000001   ; set to 1 if carry occurred
(2)       0 : =2                 P_ZERO          =       %00000010   ; set to 1 if result is zero
(2)       0 : =4                 P_IRQ           =       %00000100   ; if 1, IRQ is disabled
(2)       0 : =8                 P_DECIMAL       =       %00001000   ; if 1, decimal mode
(2)       0 : =10                P_BRK           =       %00010000   ; if 1, BRK command
(2)       0 : =2                 P_OVERFLOW      =       %00000010   ; set to 1 if overflow occurred
(2)       0 : =8                 P_NEGATIVE      =       %00001000   ; set to 1 if result is negative
(2)       0 :
(2)       0 :                    ;;; Vector
(2)       0 : =FFFA              VEC_NMI         =       $FFFA  ; $FFFA: Non Maskable Interrupt
(2)       0 : =FFFC              VEC_RESET       =       $FFFC  ; $FFFE: Reset
(2)       0 : =FFFE              VEC_IRQ         =       $FFFE  ; $FFFE: Interrupt Request and BRK command
(1)       0 :
(1)       0 :                    ;;; W65C816S
(1)       0 :                    ;;; Processor Status Register P
(1)       0 : =10                P_X     =       %00010000       ; if 0, X and Y are 16 bit.
(1)       0 : =20                P_M     =       %00100000       ; if 0, A is 16 bit.
(1)       0 :
(1)       0 :                    ;;; Emulation Mode Vector Locations
(1)       0 : =FFF8              VEC_ABORT       =       $FFF8   ; $FFF8: Abort
(1)       0 : =FFF4              VEC_COP         =       $FFF4   ; $FFF4: COP command
(1)       0 :
(1)       0 :                    ;;; Native Mode Vector Locations
(1)       0 : =FFEE              NVEC_IRQ        =       $FFEE   ; $FFEE: Interrupt Request
(1)       0 : =FFEA              NVEC_NMI        =       $FFEA   ; $FFEA: Non Maskable Interrupt
(1)       0 : =FFE8              NVEC_ABORT      =       $FFE8   ; $FFE8: Abort
(1)       0 : =FFE6              NVEC_BRK        =       $FFE6   ; $FFE6: BRK command
(1)       0 : =FFE4              NVEC_COP        =       $FFE4   ; $FFE4: COP command
          0 :
          0 :                    ;;; MC6850 Asynchronous Communication Interface Adapter
          0 : =DF00              ACIA    =       $DF00
          0 :                            .include "mc6850.inc"
(1)       0 :                    ;;; -*- mode: asm; mode: flyspell-prog; -*-
(1)       0 :
(1)       0 :                    ;;; MC6850
(1)       0 :                    ;;; Asynchronous Communication Interface Adapter
(1)       0 :
(1)       0 :                    ;;; Control register
(1)       0 : =DF00              ACIA_control    =       ACIA+0
(1)       0 :                            ;; Counter Divider Select Bits
(1)       0 : =3                 CDS_gm          =       %11    ; Group mask
(1)       0 : =0                 CDS_DIV1_gc     =       %00000000 ; /1
(1)       0 : =1                 CDS_DIV16_gc    =       %00000001 ; /16
(1)       0 : =2                 CDS_DIV64_gc    =       %00000010 ; /64
(1)       0 : =3                 CDS_RESET_gc    =       %00000011 ; Master Reset
(1)       0 :                            ;; Word Select Bits
(1)       0 : =1C                WSB_gm          =       %00011100 ; Group mask
(1)       0 : =0                 WSB_7E2_gc      =       %00000000 ; 7 Bits + Even Parity + 2 Stop Bits
(1)       0 : =4                 WSB_7O2_gc      =       %00000100 ; 7 bits + Odd Parity  + 2 Stop Bits
(1)       0 : =8                 WSB_7E1_gc      =       %00001000 ; 7 bits + Even Parity + 1 Stop Bits
(1)       0 : =C                 WSB_7O1_gc      =       %00001100 ; 7 bits + Odd Parity  + 1 Stop Bits
(1)       0 : =10                WSB_8N2_gc      =       %00010000 ; 8 bits + No Parity   + 2 Stop Bits
(1)       0 : =14                WSB_8N1_gc      =       %00010100 ; 8 bits + No Parity   + 1 Stop Bits
(1)       0 : =18                WSB_8E1_gc      =       %00011000 ; 8 bits + Even Parity + 1 Stop Bits
(1)       0 : =1C                WSB_8O1_gc      =       %00011100 ; 8 bits + Odd Parity  + 1 Stop Bits
(1)       0 :                            ;; Transmit Control Bits
(1)       0 : =60                TCB_gm          =       %01100000 ; Group mask
(1)       0 : =0                 TCB_DI_gc       =       %00000000 ; RTS=Low,  Tx Interrupt Disabled
(1)       0 : =20                TCB_EI_gc       =       %00100000 ; RTS=Low,  Tx Interrupt Enabled
(1)       0 : =40                TCB_RTS_gc      =       %01000000 ; RTS=High, Tx Interrupt Disabled
(1)       0 : =60                TCB_BREAK_gc    =       %01100000 ; RTS=Low,  Tx Interrupt Disabled
(1)       0 :                                                      ; Transmit Break Level
(1)       0 : =80                RIEB_bm         =       %10000000 ; Receive Interrupt Enable Bit mask
(1)       0 :
(1)       0 :                    ;;; Status register
(1)       0 : =DF00              ACIA_status     =       ACIA+0
(1)       0 : =1                 RDRF_bm         =       %00000001 ; Receive Data Register Full
(1)       0 : =2                 TDRE_bm         =       %00000010 ; Transmit Data Register Empty
(1)       0 : =4                 DCDF_bm         =       %00000100 ; Data Carrier Detect Flag
(1)       0 : =8                 CTSF_bm         =       %00001000 ; Clear To Send Flag
(1)       0 : =10                FERR_bm         =       %00010000 ; Frame Error Flag
(1)       0 : =20                OVRN_bm         =       %00100000 ; Receiver Overrun Flag
(1)       0 : =40                PERR_bm         =       %01000000 ; Parity Error Flag
(1)       0 : =80                IRQF_bm         =       %10000000 ; Interrupt Request Flag
(1)       0 :
(1)       0 :                    ;;; Data register
(1)       0 : =DF01              ACIA_data       =       ACIA+1          ; Data register
          0 : =94                RX_INT_TX_NO    =       WSB_8N1_gc|RIEB_bm
          0 : =B4                RX_INT_TX_INT   =       WSB_8N1_gc|RIEB_bm|TCB_EI_gc
          0 :
       FFEE :                            *=      NVEC_IRQ
       FFEE : 3E 11                      .word   isr_irq
       FFF0 :
       FFFC :                            *=      VEC_RESET
       FFFC : 00 10                      .word   initialize
       FFFE :
       2000 :                            *=      $2000
       2000 : =80                rx_queue_size   =       128
       2000 :                    rx_queue:
       2080 :                            *=      *+rx_queue_size
       2080 : =80                tx_queue_size   =       128
       2080 :                    tx_queue:
       2100 :                            *=      *+tx_queue_size
       2100 :
       1000 :                            *=      $1000
       1000 : =1FF               stack   =       $01ff
       1000 :                    initialize:
       1000 : 18                         clc
       1001 : FB                         xce                     ; native mode
       1002 : C2 10                      rep     #P_X            ; 16-bit index
       1004 :                            longi   on
       1004 : A2 FF 01                   ldx     #stack
       1007 : 9A                         txs
       1008 : D8                         cld                     ; clear decimal flag
       1009 : A2 00 20                   ldx     #rx_queue
       100C : A9 80                      lda     #rx_queue_size
       100E : 20 BE 10                   jsr     queue_init
       1011 : A2 80 20                   ldx     #tx_queue
       1014 : A9 80                      lda     #tx_queue_size
       1016 : 20 BE 10                   jsr     queue_init
       1019 :                            ;; initialize ACIA
       1019 : A9 03                      lda     #CDS_RESET_gc   ; master reset
       101B : 8D 00 DF                   sta     ACIA_control
       101E : A9 94                      lda     #RX_INT_TX_NO
       1020 : 8D 00 DF                   sta     ACIA_control
       1023 : 58                         cli                     ; enable IRQ
       1024 :
       1024 :                    receive_loop:
       1024 : 20 A3 10                   jsr     getchar
       1027 : B0 FB                      bcs     receive_loop
       1029 : 09 00                      ora     #0
       102B : F0 1C                      beq     halt_to_system
       102D :                    echo_back:
       102D : 48                         pha
       102E : 20 AC 10                   jsr     putchar         ; echo
       1031 : A9 20                      lda     #' '            ; space
       1033 : 20 AC 10                   jsr     putchar
       1036 : A3 01                      lda     1,S
       1038 : 20 54 10                   jsr     put_hex8        ; print in hex
       103B : A9 20                      lda     #' '            ; space
       103D : 20 AC 10                   jsr     putchar
       1040 : 68                         pla
       1041 : 20 77 10                   jsr     put_bin8        ; print in binary
       1044 : 20 4B 10                   jsr     newline
       1047 : 80 DB                      bra     receive_loop
       1049 :                    halt_to_system:
       1049 : 00                         brk
       104A : 00                         fcb     0               ; halt to system
       104B :
       104B :                    ;;; Put newline
       104B :                    ;;; @clobber A
       104B :                    newline:
       104B : A9 0D                      lda     #$0D
       104D : 20 AC 10                   jsr     putchar
       1050 : A9 0A                      lda     #$0A
       1052 : 80 58                      bra     putchar
       1054 :
       1054 :                    ;;; Print uint8_t in hex
       1054 :                    ;;; @param A uint8_t value to be printed in hex.
       1054 :                    ;;; @clobber A
       1054 :                    put_hex8:
       1054 : 48                         pha
       1055 : A9 30                      lda     #'0'
       1057 : 20 AC 10                   jsr     putchar
       105A : A9 78                      lda     #'x'
       105C : 20 AC 10                   jsr    putchar
       105F : A3 01                      lda     1,S
       1061 : 4A                         lsr     a
       1062 : 4A                         lsr     a
       1063 : 4A                         lsr     a
       1064 : 4A                         lsr     a
       1065 : 20 69 10                   jsr     put_hex4
       1068 : 68                         pla
       1069 :                    put_hex4:
       1069 : 29 0F                      and     #$0F
       106B : C9 0A                      cmp     #10
       106D : 90 04                      bcc     put_hex8_dec    ; <10
       106F : 69 36                      adc     #'A'-10-1       ; C=1
       1071 : 80 39                      bra     putchar
       1073 :                    put_hex8_dec:
       1073 : 69 30                      adc     #'0'
       1075 : 80 35                      bra     putchar
       1077 :
       1077 :                    ;;; Print uint8_t in binary
       1077 :                    ;;; @param A uint8_t value to be printed in binary.
       1077 :                    ;;; @clobber A
       1077 :                    put_bin8:
       1077 : 48                         pha
       1078 : A9 30                      lda     #'0'
       107A : 20 AC 10                   jsr     putchar
       107D : A9 62                      lda     #'b'
       107F : 20 AC 10                   jsr     putchar
       1082 : 68                         pla
       1083 : 20 8B 10                   jsr     put_bin4
       1086 : 0A                         asl     a
       1087 : 20 8B 10                   jsr     put_bin4
       108A : 60                         rts
       108B :                    put_bin4:
       108B : 20 8F 10                   jsr     put_bin2
       108E : 0A                         asl     a
       108F :                    put_bin2:
       108F : 20 93 10                   jsr     put_bin1
       1092 : 0A                         asl     a
       1093 :                    put_bin1:
       1093 : 48                         pha
       1094 : 09 00                      ora     #0
       1096 : 10 04                      bpl     put_bin0
       1098 : A9 31                      lda     #'1'
       109A : D0 02                      bne     put_binchar
       109C :                    put_bin0:
       109C : A9 30                      lda     #'0'
       109E :                    put_binchar:
       109E : 20 AC 10                   jsr     putchar
       10A1 : 68                         pla
       10A2 : 60                         rts
       10A3 :
       10A3 :                    ;;; Get character
       10A3 :                    ;;; @return A
       10A3 :                    ;;; @return P.C 1 if no character
       10A3 :                    ;;; @clobber X
       10A3 :                    getchar:
       10A3 : A2 00 20                   ldx     #rx_queue
       10A6 : 78                         sei                     ; disable IRQ
       10A7 : 20 0D 11                   jsr     queue_remove
       10AA : 58                         cli
       10AB : 60                         rts
       10AC :
       10AC :                    ;;; Put character
       10AC :                    ;;; @param A
       10AC :                    ;;; @clobber X
       10AC :                    putchar:
       10AC : 48                         pha
       10AD :                    putchar_retry:
       10AD : A2 80 20                   ldx     #tx_queue
       10B0 : 78                         sei                     ; disable IRQ
       10B1 : 20 D5 10                   jsr     queue_add
       10B4 : 58                         cli                     ; enable IRQ
       10B5 : B0 F6                      bcs     putchar_retry   ; queue is full
       10B7 : A9 B4                      lda     #RX_INT_TX_INT  ; enable Tx interrupt
       10B9 : 8D 00 DF                   sta     ACIA_control
       10BC : 68                         pla
       10BD : 60                         rts
       10BE :
       10BE :                            .include "queue.inc"
(1)    10BE :                    ;;; -*- mode: asm; mode: flyspell-prog; -*-
(1)    10BE :                    ;;; [queue] queue structure
(1)    10BE : =0                 queue_len       =       0       ; queue length
(1)    10BE : =1                 queue_size      =       1       ; buffer size
(1)    10BE : =2                 queue_put       =       2       ; queue put index
(1)    10BE : =3                 queue_get       =       3       ; queue get index
(1)    10BE : =4                 queue_buf       =       4       ; buffer start address
(1)    10BE :
(1)    10BE :                    ;;; [queue] Initialize queue
(1)    10BE :                    ;;; @param X queue pointer
(1)    10BE :                    ;;; @param A queue size
(1)    10BE :                    ;;; @clobber A B X
(1)    10BE :                    queue_init:
(1)    10BE : 08                         php
(1)    10BF : E2 20                      sep     #P_M            ; 8-bit memory
(1)    10C1 :                            longa   off
(1)    10C1 : 38                         sec
(1)    10C2 : E9 04                      sbc     #queue_buf
(1)    10C4 : 95 01                      sta     queue_size,X
(1)    10C6 : EB                         xba
(1)    10C7 : 74 00                      stz     queue_len,X
(1)    10C9 : 74 02                      stz     queue_put,X
(1)    10CB : 74 03                      stz     queue_get,X
(1)    10CD :                    queue_init_loop:
(1)    10CD : 74 04                      stz     queue_buf,X
(1)    10CF : E8                         inx
(1)    10D0 : 3A                         dec     A
(1)    10D1 : D0 FA                      bne     queue_init_loop
(1)    10D3 : 28                         plp
(1)    10D4 : 60                         rts
(1)    10D5 :
(1)    10D5 :                    ;;; [queue] Add an element to queue
(1)    10D5 :                    ;;; @param X queue pointer
(1)    10D5 :                    ;;; @param A an element
(1)    10D5 :                    ;;; @return P.C 1 if queue is full
(1)    10D5 :                    queue_add:
(1)    10D5 : 08                         php
(1)    10D6 : E2 20                      sep     #P_M            ; 8-bit memory
(1)    10D8 :                            longa   off
(1)    10D8 : 48                         pha                     ; save an element
(1)    10D9 : B5 00                      lda     queue_len,X
(1)    10DB : D5 01                      cmp     queue_size,X
(1)    10DD : 90 04                      bcc     queue_add_element  ; queue_len < queue_size
(1)    10DF : 68                         pla
(1)    10E0 : 28                         plp
(1)    10E1 : 38                         sec                     ; C=1
(1)    10E2 : 60                         rts
(1)    10E3 :                    queue_add_element:      
(1)    10E3 : 1A                         inc     A
(1)    10E4 : 95 00                      sta     queue_len,X
(1)    10E6 : 5A                         phy                     ; save Y
(1)    10E7 : DA                         phx                     ; save queue pointer
(1)    10E8 : B5 02                      lda     queue_put,X
(1)    10EA : 18                         clc
(1)    10EB : 63 01                      adc     1,S             ; lo(queue pointer)
(1)    10ED : 83 01                      sta     1,S
(1)    10EF : A3 02                      lda     2,S             ; hi(queue pointer)
(1)    10F1 : 69 00                      adc     #0
(1)    10F3 : 83 02                      sta     2,S
(1)    10F5 : A3 02                      lda     2,S
(1)    10F7 : 7A                         ply
(1)    10F8 : A3 03                      lda     3,S             ; restore an element
(1)    10FA : 99 04 00                   sta     queue_buf,Y     ; store an element
(1)    10FD : 7A                         ply                     ; restore Y
(1)    10FE : B5 02                      lda     queue_put,X
(1)    1100 : 1A                         inc     A
(1)    1101 : D5 01                      cmp     queue_size,X
(1)    1103 : 90 02                      bcc     queue_add_return ; queue_put < queue_size
(1)    1105 : A9 00                      lda     #0
(1)    1107 :                    queue_add_return:
(1)    1107 : 95 02                      sta     queue_put,X
(1)    1109 : 68                         pla
(1)    110A : 28                         plp
(1)    110B : 18                         clc                     ;  C=0
(1)    110C : 60                         rts
(1)    110D :
(1)    110D :                    ;;; [queue] Remove an element from queue
(1)    110D :                    ;;; @param X queue pointer
(1)    110D :                    ;;; @return A an element
(1)    110D :                    ;;; @return P.C 1 if queue is empty
(1)    110D :                    queue_remove:
(1)    110D : 08                         php
(1)    110E : E2 20                      sep     #P_M            ; 8-bit memory
(1)    1110 :                            longa   off
(1)    1110 : B5 00                      lda     queue_len,X
(1)    1112 : D0 03                      bne     queue_remove_elem
(1)    1114 : 28                         plp
(1)    1115 : 38                         sec                     ; C=1
(1)    1116 : 60                         rts
(1)    1117 :                    queue_remove_elem:
(1)    1117 : 3A                         dec     A
(1)    1118 : 95 00                      sta     queue_len,X
(1)    111A : 5A                         phy                     ; save Y
(1)    111B : DA                         phx                     ; save queue pointer
(1)    111C : B5 03                      lda     queue_get,X
(1)    111E : 18                         clc
(1)    111F : 63 01                      adc     1,S             ; lo(queue pointer)
(1)    1121 : 83 01                      sta     1,S
(1)    1123 : A3 02                      lda     2,S             ; hi(queue pointer)
(1)    1125 : 69 00                      adc     #0
(1)    1127 : 83 02                      sta     2,S
(1)    1129 : 7A                         ply
(1)    112A : B9 04 00                   lda     queue_buf,Y     ; read an element
(1)    112D : 7A                         ply                     ; restore Y
(1)    112E : 48                         pha                     ; save an element
(1)    112F : B5 03                      lda     queue_get,X
(1)    1131 : 1A                         inc     A
(1)    1132 : D5 01                      cmp     queue_size,X
(1)    1134 : 90 02                      bcc     queue_remove_return ; queue_get < queue_size
(1)    1136 : A9 00                      lda     #0
(1)    1138 :                    queue_remove_return:
(1)    1138 : 95 03                      sta     queue_get,X
(1)    113A : 68                         pla                     ; restore an element
(1)    113B : 28                         plp
(1)    113C : 18                         clc                     ; C=0
(1)    113D : 60                         rts
       113E :
       113E :                    isr_irq:
       113E :                            ;; P_D is cleared on interrupt
       113E : E2 20                      sep     #P_M            ; 8-bit memory
       1140 : 48                         pha                     ; save A
       1141 : DA                         phx                     ; save X
       1142 : AD 00 DF                   lda     ACIA_status
       1145 : 29 80                      and     #IRQF_bm
       1147 : F0 22                      beq     isr_irq_exit
       1149 : AD 00 DF                   lda     ACIA_status
       114C : 29 01                      and     #RDRF_bm
       114E : F0 09                      beq     isr_irq_send
       1150 : AD 01 DF                   lda     ACIA_data       ; receive character
       1153 : A2 00 20                   ldx     #rx_queue
       1156 : 20 D5 10                   jsr     queue_add
       1159 :                    isr_irq_send:
       1159 : AD 00 DF                   lda     ACIA_status
       115C : 29 02                      and     #TDRE_bm
       115E : F0 0B                      beq     isr_irq_exit
       1160 : A2 80 20                   ldx     #tx_queue
       1163 : 20 0D 11                   jsr     queue_remove
       1166 : B0 06                      bcs     isr_irq_send_empty
       1168 : 8D 01 DF                   sta     ACIA_data       ; send character
       116B :                    isr_irq_exit:
       116B : FA                         plx                     ; restore X
       116C : 68                         pla                     ; restore Y
       116D : 40                         rti                     ; restore P and PC
       116E :                    isr_irq_send_empty:
       116E : A9 94                      lda     #RX_INT_TX_NO
       1170 : 8D 00 DF                   sta     ACIA_control    ; disable Tx interrupt
       1173 : 80 F6                      bra     isr_irq_exit
