          0 :                    ;;; -*- mode: asm; mode: flyspell-prog; -*-
          0 :                            cpu     2650
          0 :                            include "scn2650.inc"
(1)       0 :                    ;;; -*- mode: asm; mode: flyspell-prog; -*-
(1)       0 :                    ;;; PSU
(1)       0 : =80                PSU_S:  equ     B'10000000'  ; Sense
(1)       0 : =40                PSU_F:  equ     B'01000000'  ; Flag
(1)       0 : =20                PSU_II: equ     B'00100000'  ; Interrupt inhibit
(1)       0 : =7                 PSU_SP: equ     B'00000111'  ; Stack pointer
(1)       0 :                    ;;; PSL
(1)       0 : =80                PSL_CC1:        equ     B'10000000' ; Condition code 1 (10=Negative)
(1)       0 : =40                PSL_CC0:        equ     B'01000000' ; Condition code 0 (01=Positive)
(1)       0 : =20                PSL_IDC:        equ     B'00100000' ; Inter-digit carry
(1)       0 : =10                PSL_RS:         equ     B'00010000' ; Register bank select
(1)       0 : =8                 PSL_WC:         equ     B'00001000' ; With/Without carry
(1)       0 : =4                 PSL_OVF:        equ     B'00000100' ; Overflow
(1)       0 : =2                 PSL_COM:        equ     B'00000010' ; Logical arithmetic compare
(1)       0 : =1                 PSL_C:          equ     B'00000001' ; Carry
(1)       0 :                    ;;; Reset origin
(1)       0 : =0                 ORG_RESET:      equ     H'0000'
          0 :
          0 :                    ;;; i8251 Universal Synchronous/Asynchronous Receiver/Transmitter
          0 : =0                 USARTD:         equ     H'00'           ; Data register
          0 : =1                 USARTS:         equ     H'01'           ; Status register
          0 : =1                 USARTC:         equ     H'01'           ; Control register
          0 : =2                 USARTRI:        equ     H'02'           ; Receive interrupt vector
          0 : =3                 USARTTI:        equ     H'03'           ; Transmit interrupt vector
          0 :                            include "i8251.inc"
(1)       0 :                    ;;; -*- mode: asm; mode: flyspell-prog; -*-
(1)       0 :                    ;;; i8251 USART device emulator.
(1)       0 : =6                 MODE_STOP_gp:   equ     6
(1)       0 : =C0                MODE_STOP_gm:   equ     B'11000000'
(1)       0 : =40                MODE_STOP1_gc:  equ     (1 << MODE_STOP_gp)
(1)       0 : =80                MODE_STOP15_gc: equ     (2 << MODE_STOP_gp)
(1)       0 : =C0                MODE_STOP2_gc:  equ     (3 << MODE_STOP_gp)
(1)       0 : =20                MODE_EVEN_bm:   equ     B'00100000'
(1)       0 : =10                MODE_PARITY_bm: equ     B'00010000'
(1)       0 : =2                 MODE_LEN_gp:    equ     2
(1)       0 : =C                 MODE_LEN_gm:    equ     B'00001100'
(1)       0 : =0                 MODE_LEN5_gc:   equ     (0 << MODE_LEN_gp)
(1)       0 : =4                 MODE_LEN6_gc:   equ     (1 << MODE_LEN_gp)
(1)       0 : =8                 MODE_LEN7_gc:   equ     (2 << MODE_LEN_gp)
(1)       0 : =C                 MODE_LEN8_gc:   equ     (3 << MODE_LEN_gp)
(1)       0 : =0                 MODE_BAUD_gp:   equ     0
(1)       0 : =3                 MODE_BAUD_gm:   equ     B'00000011'
(1)       0 : =1                 MODE_BAUD_X1:   equ     (1 << MODE_BAUD_gp)
(1)       0 : =2                 MODE_BAUD_X16:  equ     (2 << MODE_BAUD_gp)
(1)       0 : =3                 MODE_BAUD_X64:  equ     (3 << MODE_BAUD_gp)
(1)       0 :                    ;;; Bit Definition of command register
(1)       0 : =80                CMD_EH_bm:      equ     B'10000000'   ; Enter hunt mode
(1)       0 : =40                CMD_IR_bm:      equ     B'01000000'   ; Internal Reset
(1)       0 : =20                CMD_RTS_bm:     equ     B'00100000'   ; Request To Send
(1)       0 : =10                CMD_ER_bm:      equ     B'00010000'   ; Error Reset
(1)       0 : =8                 CMD_SBRK_bm:    equ     B'00001000'   ; Send Break
(1)       0 : =4                 CMD_RxEN_bm:    equ     B'00000100'   ; Receive Enable
(1)       0 : =2                 CMD_DTR_bm:     equ     B'00000010'   ; Data Terminal Ready
(1)       0 : =1                 CMD_TxEN_bm:    equ     B'00000001'   ; Transmit enable
(1)       0 :                    ;;; Bit definition of status register
(1)       0 : =80                ST_DSR_bm:      equ     B'10000000'   ; Data Set Ready
(1)       0 : =40                ST_BRK_bm:      equ     B'01000000'   ; BREAK detected
(1)       0 : =20                ST_FE_bm:       equ     B'00100000'   ; Framing Error
(1)       0 : =10                ST_OE_bm:       equ     B'00010000'   ; Iverrun Error
(1)       0 : =8                 ST_PE_bm:       equ     B'00001000'   ; Parity Error
(1)       0 : =4                 ST_TxEMPTY_bm:  equ     B'00000100'   ; Transmitter empty
(1)       0 : =2                 ST_RxRDY_bm:    equ     B'00000010'   ; Receiver ready
(1)       0 : =1                 ST_TxRDY_bm:    equ     B'00000001'   ; Transmitter ready
(1)       0 :                    ;;; Interrupt name for receive/transmit interrupt
(1)       0 : =0                 INTR_NONE:      equ     0
(1)       0 : =1                 INTR_IRQ0:      equ     1
(1)       0 : =2                 INTR_IRQ1:      equ     2
(1)       0 : =3                 INTR_IRQ2:      equ     3
          0 :                    ;;; Async 1stop 8data x16
          0 : =4E                ASYNC_MODE:     equ     MODE_STOP1_gc + MODE_LEN8_gc + MODE_BAUD_X16
          0 :                    ;;; RTS/DTR, error reset, Rx enable, Tx enable
          0 : =37                RX_EN_TX_EN:    equ     CMD_RTS_bm + CMD_DTR_bm + CMD_ER_bm + CMD_RxEN_bm + CMD_TxEN_bm
          0 :
       2000 :                            org     H'2000'
       2000 : =80                rx_queue_size:  equ     128
       2000 :                    rx_queue:       res     rx_queue_size
       2080 :
          0 :                            org     ORG_RESET
          0 : 76 20                      ppsu    PSU_II          ; disable interrupt
          2 : 77 0A                      ppsl    PSL_WC+PSL_COM  ; with carry, logical compare
          4 : 1F 01 00                   bcta,un init
          7 :
          7 : =87                RXINTR_VEC:     equ     $ + H'80' ; indirect vector
          7 : 01 F0                      acon    isr_intr
          9 :
        100 :                            org     H'0100'
        100 :                    init:
        100 : 06 20                      lodi,r2 >rx_queue
        102 : 07 00                      lodi,r3 <rx_queue
        104 : 05 80                      lodi,r1 rx_queue_size
        106 : 3F 01 47                   bsta,un queue_init
        109 :
        109 :                    init_usart:
        109 : 20                         eorz    r0              ; clear R0
        10A : D4 01                      wrte,r0 USARTC
        10C : D4 01                      wrte,r0 USARTC
        10E : D4 01                      wrte,r0 USARTC          ; safest way to sync mode
        110 : 04 40                      lodi,r0 CMD_IR_bm
        112 : D4 01                      wrte,r0 USARTC          ; reset
        114 : C0                         nop
        115 : C0                         nop
        116 : 04 4E                      lodi,r0 ASYNC_MODE
        118 : D4 01                      wrte,r0 USARTC          ; async 1stop 8data x16
        11A : C0                         nop
        11B : C0                         nop
        11C : 04 37                      lodi,r0 RX_EN_TX_EN
        11E : D4 01                      wrte,r0 USARTC    ; RTS/DTR, error reset, Rx enable, Tx enable
        120 : 04 87                      lodi,r0 RXINTR_VEC
        122 : D4 02                      wrte,r0 USARTRI         ; enable Rx interrupt
        124 : 04 00                      lodi,r0 0
        126 : D4 03                      wrte,r0 USARTTI         ; disable Tx interrupt
        128 :
        128 :                    receive_loop:
        128 : 76 20                      ppsu    PSU_II          ; disable interrupt
        12A : 3F 01 AF                   bsta,un queue_remove
        12D : 74 20                      cpsu    PSU_II          ; enable interrupt
        12F : B5 01                      tpsl    PSL_C
        131 : 98 75                      bcfr,eq receive_loop    ; PSL.C=0
        133 : 60                         iorz    r0
        134 : 18 10                      bctr,eq echoir_halt
        136 :                    transmit_loop:
        136 : 55 01                      rede,r1 USARTS
        138 : F5 01                      tmi,r1  ST_TxRDY_bm
        13A : 98 7A                      bcfr,eq transmit_loop
        13C :                    transmit_data:
        13C : D4 00                      wrte,r0 USARTD
        13E : E4 0D                      comi,r0 H'0D'
        140 : 98 66                      bcfr,eq receive_loop
        142 : 04 0A                      lodi,r0 H'0A'
        144 : 1B 70                      bctr,un transmit_loop
        146 :                    echoir_halt:
        146 : 40                         halt
        147 :
        147 :                            include "queue.inc"
(1)     147 :                    ;;; -*- mode: asm; mode: flyspell-prog; -*-
(1)     147 :                    ;;; [queue] queue structure
(1)     147 : =0                 queue_len:      equ     0       ; queue length
(1)     147 : =1                 queue_size:     equ     1       ; buffer size
(1)     147 : =2                 queue_put:      equ     2       ; queue put index
(1)     147 : =3                 queue_get:      equ     3       ; queue get index
(1)     147 : =4                 queue_buf:      equ     4       ; buffer start offset
(1)     147 :
(1)     147 :                    ;;; [queue] Initialize queue
(1)     147 :                    ;;; @param r2:r3 queue work space pointer
(1)     147 :                    ;;; @param r1 queue work space size
(1)     147 :                    ;;; @clobber r1
(1)     147 :                    queue_init:
(1)     147 : CE 01 AC                   stra,r2 queue_top
(1)     14A : CF 01 AD                   stra,r3 queue_top+1
(1)     14D : CC 01 AE                   stra,r0 queue_r0
(1)     150 : 20                         eorz    r0              ; clear R0
(1)     151 : CC 81 AC                   stra,r0 *queue_top      ; queue_len
(1)     154 : 01                         lodz,r1
(1)     155 : 77 01                      ppsl    PSL_C           ; PSL.C=1
(1)     157 : A4 04                      subi,r0 queue_buf       ; without borrow
(1)     159 : 06 01                      lodi,r2 queue_size
(1)     15B : CE E1 AC                   stra,r0 *queue_top,r2   ; queue_size=R1-queue_buf
(1)     15E : C3                         strz    r3              ; R3=queue_size
(1)     15F : 87 02                      addi,r3 2               ; for queue_put and queue_get
(1)     161 : 20                         eorz    r0              ; clear R0
(1)     162 :                    queue_init_loop:
(1)     162 : CE A1 AC                   stra,r0 *queue_top,r2,+
(1)     165 : FB 7B                      bdrr,r3 queue_init_loop
(1)     167 : 0C 01 AE                   loda,r0 queue_r0
(1)     16A : 0F 01 AD                   loda,r3 queue_top+1
(1)     16D : 0E 01 AC                   loda,r2 queue_top
(1)     170 : 17                         retc,un
(1)     171 :
(1)     171 :                    ;;; [queue] Add an element to queue
(1)     171 :                    ;;; @param r2:r3 queue work space pointer
(1)     171 :                    ;;; @param r0 an element
(1)     171 :                    ;;; @return FLAGS.C 0 if queue is full
(1)     171 :                    queue_add:
(1)     171 : CA 39                      strr,r2 queue_top
(1)     173 : CB 38                      strr,r3 queue_top+1
(1)     175 : C8 37                      strr,r0 queue_r0        ; store an element
(1)     177 : 08 B3                      lodr,r0 *queue_top      ; R0=queue_len
(1)     179 : 75 01                      cpsl    PSL_C           ; PSL.C=0
(1)     17B : 84 01                      addi,r0 1               ; R0=++queue_len
(1)     17D : 06 01                      lodi,r2 queue_size
(1)     17F : EE E1 AC                   coma,r0 *queue_top,r2   ; compare with queue_size
(1)     182 : 9A 21                      bcfr,lt queue_add_return ; queue_len >= queue_size, PSL.C=0
(1)     184 :                    queue_add_store:
(1)     184 : C8 A6                      strr,r0 *queue_top      ; update queue_len
(1)     186 : 06 02                      lodi,r2 queue_put
(1)     188 : 0E E1 AC                   loda,r0 *queue_top,r2   ; R0=queue_put
(1)     18B : C3                         strz    r3
(1)     18C : 75 01                      cpsl    PSL_C           ; PSL.C=0
(1)     18E : 87 04                      addi,r3 queue_buf
(1)     190 : 08 1C                      lodr,r0 queue_r0        ; restore an element
(1)     192 : CF E1 AC                   stra,r0 *queue_top,r3   ; store an element
(1)     195 : 03                         lodz    r3
(1)     196 : 77 01                      ppsl    PSL_C            ; PSL.C=1
(1)     198 : A4 03                      subi,r0 queue_buf-1      ; ++queue_put
(1)     19A : EE C1 AC                   coma,r0 *queue_top,r2,-  ; compare with queue_size
(1)     19D : 1A 01                      bctr,lt queue_add_update ; queue_put < queue_size
(1)     19F : 20                         eorz    r0
(1)     1A0 :                    queue_add_update:
(1)     1A0 : CE A1 AC                   stra,r0 *queue_top,r2,+ ; update queue_put
(1)     1A3 : 77 01                      ppsl    PSL_C           ; set PSL.C=1
(1)     1A5 :                    queue_add_return:
(1)     1A5 : 08 07                      lodr,r0 queue_r0
(1)     1A7 : 0B 04                      lodr,r3 queue_top+1
(1)     1A9 : 0A 01                      lodr,r2 queue_top
(1)     1AB : 17                         retc,un
(1)     1AC :
(1)     1AC :                    queue_top:
(1)     1AC :                            res     2
(1)     1AE :                    queue_r0:
(1)     1AE :                            res     1
(1)     1AF :
(1)     1AF :                    ;;; [queue] Remove an element from queue
(1)     1AF :                    ;;; @param r2:r3 queue work space pointer
(1)     1AF :                    ;;; @return r0 an element
(1)     1AF :                    ;;; @return FLAGS.C 0 if queue is empty
(1)     1AF :                    queue_remove:
(1)     1AF : CA 7B                      strr,r2 queue_top
(1)     1B1 : CB 7A                      strr,r3 queue_top+1
(1)     1B3 : C8 79                      strr,r0 queue_r0
(1)     1B5 : 08 F5                      lodr,r0 *queue_top      ; R0=queue_len
(1)     1B7 : 98 13                      bcfr,eq queue_remove_elem ; queue_len!=0
(1)     1B9 : 08 73                      lodr,r0 queue_r0
(1)     1BB : 75 01                      cpsl    PSL_C           ; PSL.C=0
(1)     1BD : 17                         retc,un
(1)     1BE :                    queue_remove_update:
(1)     1BE : 06 03                      lodi,r2 queue_get
(1)     1C0 : CE E1 AC                   stra,r0 *queue_top,r2   ; update queue_get
(1)     1C3 : 77 01                      ppsl    PSL_C           ; PSL.C=1
(1)     1C5 : 08 67                      lodr,r0 queue_r0        ; restore an element
(1)     1C7 : 0B 64                      lodr,r3 queue_top+1
(1)     1C9 : 0A 61                      lodr,r2 queue_top
(1)     1CB : 17                         retc,un
(1)     1CC :                    queue_remove_elem:
(1)     1CC : 77 01                      ppsl    PSL_C           ; PSL.C=1
(1)     1CE : A4 01                      subi,r0 1               ; --queue_len
(1)     1D0 : C8 DA                      strr,r0 *queue_top      ; update queue_len
(1)     1D2 : 06 03                      lodi,r2 queue_get
(1)     1D4 : 0E E1 AC                   loda,r0 *queue_top,r2   ; R0=queue_get
(1)     1D7 : C3                         strz    r3
(1)     1D8 : 75 01                      cpsl    PSL_C           ; PSL.C=0
(1)     1DA : 87 04                      addi,r3 queue_buf
(1)     1DC : 0F E1 AC                   loda,r0 *queue_top,r3   ; read an element
(1)     1DF : C8 4D                      strr,r0 queue_r0        ; save an element
(1)     1E1 : 03                         lodz    r3
(1)     1E2 : 77 01                      ppsl    PSL_C           ; PSL.C=1
(1)     1E4 : A4 03                      subi,r0 queue_buf-1     ; ++queue_get
(1)     1E6 : 06 01                      lodi,r2 queue_size
(1)     1E8 : EE E1 AC                   coma,r0 *queue_top,r2       ; comapre with queue_size
(1)     1EB : 1A 51                      bctr,lt queue_remove_update ; queue_get < queue_size
(1)     1ED : 20                         eorz    r0
(1)     1EE : 1B 4E                      bctr,un queue_remove_update
        1F0 :
        1F0 :                    isr_intr:
        1F0 : 3B 0D                      bstr,un isr_save
        1F2 : 54 01                      rede,r0 USARTS
        1F4 : F4 02                      tmi,r0  ST_RxRDY_bm
        1F6 : 98 05                      bcfr,eq isr_intr_recv_end
        1F8 : 54 00                      rede,r0 USARTD
        1FA : 3F 01 71                   bsta,un queue_add
        1FD :                    isr_intr_recv_end:
        1FD : 1B 11                      bctr,un isr_return
        1FF :
        1FF :                    isr_save:
        1FF : C8 0A                      strr,r0 isr_context
        201 : C9 09                      strr,r1 isr_context+1
        203 : CA 08                      strr,r2 isr_context+2
        205 : CB 07                      strr,r3 isr_context+3
        207 : 13                         spsl
        208 : C8 05                      strr,r0 isr_context+4
        20A : 17                         retc,un
        20B :
        20B :                    isr_context:
        20B :                            res     5
        210 :
        210 :                    isr_return:
        210 : 0B 7C                      lodr,r3 isr_context+3
        212 : 0A 79                      lodr,r2 isr_context+2
        214 : 09 76                      lodr,r1 isr_context+1
        216 : 08 77                      lodr,r0 isr_context+4
        218 : 93                         lpsl
        219 : 18 09                      bctr,eq isr_reteq
        21B : 19 0C                      bctr,gt isr_retgt
        21D : 1A 11                      bctr,lt isr_retlt
        21F : 08 6A                      lodr,r0 isr_context
        221 : 77 C0                      ppsl    PSL_CC1+PSL_CC0
        223 : 37                         rete,un
        224 :                    isr_reteq:
        224 : 08 65                      lodr,r0 isr_context
        226 : 75 C0                      cpsl    PSL_CC1+PSL_CC0
        228 : 37                         rete,un
        229 :                    isr_retgt:
        229 : 08 60                      lodr,r0 isr_context
        22B : 75 80                      cpsl    PSL_CC1
        22D : 77 40                      ppsl    PSL_CC0
        22F : 37                         rete,un
        230 :                    isr_retlt:
        230 : 08 59                      lodr,r0 isr_context
        232 : 77 80                      ppsl    PSL_CC1
        234 : 75 40                      cpsl    PSL_CC0
        236 : 37                         rete,un
